// Jest Snapshot v1, https://goo.gl/fbAQLP

exports[`Entity clone cloning 1`] = `
[
  "type ProductEntity {",
  "  createdAt: Date!",
  "  createdBy: String",
  "  id: String!",
  "  ulid: Ulid!",
  "  updatedAt: Date!",
  "  updatedBy: String",
  "  sku: String!",
  "  storeId: ID!",
  "  title: String!",
  "  stock: Stock!",
  "  shortDescription: String",
  "  brand: String!",
  "  detailsUrl: String",
  "  alcoholic: Boolean!",
  "  thumbUrl: String",
  "  breadcrumb: [BreadCrumb]",
  "  mapOfImages: [ProductImageMap]",
  "  attributes: ProductEntity_attributes",
  "  currentPrice: Float!",
  "  priceFrom: Float",
  "  sellPrice: Float!",
  "  dimensions: Dimensions",
  "  tags: [String]",
  "  slug: String",
  "  mainCategoryId: ID",
  "  categories: [String]!",
  "  spotlight: Boolean",
  "  html: String",
  "}",
  "",
  "scalar Date",
  "",
  "scalar Ulid",
  "",
  "type Stock {",
  "  available: Boolean!",
  "  count: Float",
  "  maxCartQty: Float",
  "",
  "  """Should track count"""",
  "  track: Boolean",
  "}",
  "",
  "type BreadCrumb {",
  "  id: ID!",
  "  active: Boolean",
  "  name: String!",
  "  parentId: ID",
  "}",
  "",
  "type ProductImageMap {",
  "  key: String",
  "  kind: String",
  "  allowZoom: Boolean",
  "}",
  "",
  "scalar ProductEntity_attributes",
  "",
  "type Dimensions {",
  "  weight: String",
  "  length: String",
  "  height: String",
  "  width: String",
  "}",
  "",
  "input ProductEntityInput {",
  "  createdAt: Date!",
  "  createdBy: String",
  "  id: String!",
  "  ulid: Ulid!",
  "  updatedAt: Date!",
  "  updatedBy: String",
  "  sku: String!",
  "  storeId: ID!",
  "  title: String!",
  "  stock: StockInput!",
  "  shortDescription: String",
  "  brand: String!",
  "  detailsUrl: String",
  "  alcoholic: Boolean!",
  "  thumbUrl: String",
  "  breadcrumb: [BreadCrumbInput]",
  "  mapOfImages: [ProductImageMapInput]",
  "  attributes: ProductEntity_attributes",
  "  currentPrice: Float!",
  "  priceFrom: Float",
  "  sellPrice: Float!",
  "  dimensions: DimensionsInput",
  "  tags: [String]",
  "  slug: String",
  "  mainCategoryId: ID",
  "  categories: [String]!",
  "  spotlight: Boolean",
  "  html: String",
  "}",
  "",
  "input StockInput {",
  "  available: Boolean!",
  "  count: Float",
  "  maxCartQty: Float",
  "",
  "  """Should track count"""",
  "  track: Boolean",
  "}",
  "",
  "input BreadCrumbInput {",
  "  id: ID!",
  "  active: Boolean",
  "  name: String!",
  "  parentId: ID",
  "}",
  "",
  "input ProductImageMapInput {",
  "  key: String",
  "  kind: String",
  "  allowZoom: Boolean",
  "}",
  "",
  "input DimensionsInput {",
  "  weight: String",
  "  length: String",
  "  height: String",
  "  width: String",
  "}",
]
`;

exports[`Entity clone setOption 1`] = `
[
  "type ProductEntity {",
  "  createdAt: Date!",
  "  createdBy: String",
  "  id: String!",
  "  ulid: Ulid!",
  "  updatedAt: Date!",
  "  updatedBy: String",
  "  sku: String!",
  "  storeId: ID!",
  "  title: String!",
  "  stock: Stock!",
  "  shortDescription: String",
  "  brand: String!",
  "  detailsUrl: String",
  "  alcoholic: Boolean!",
  "  thumbUrl: String",
  "  breadcrumb: [BreadCrumb]",
  "  mapOfImages: [ProductImageMap]",
  "  attributes: ProductEntity_attributes",
  "  currentPrice: Float!",
  "  priceFrom: Float",
  "  sellPrice: Float!",
  "  dimensions: Dimensions",
  "  tags: [String]",
  "  slug: String",
  "  mainCategoryId: ID",
  "  categories: [String]!",
  "  spotlight: Boolean",
  "  html: String",
  "}",
  "",
  "scalar Date",
  "",
  "scalar Ulid",
  "",
  "type Stock {",
  "  available: Boolean!",
  "  count: Float",
  "  maxCartQty: Float",
  "",
  "  """Should track count"""",
  "  track: Boolean",
  "}",
  "",
  "type BreadCrumb {",
  "  id: ID!",
  "  active: Boolean",
  "  name: String!",
  "  parentId: ID",
  "}",
  "",
  "type ProductImageMap {",
  "  key: String",
  "  kind: String",
  "  allowZoom: Boolean",
  "}",
  "",
  "scalar ProductEntity_attributes",
  "",
  "type Dimensions {",
  "  weight: String",
  "  length: String",
  "  height: String",
  "  width: String",
  "}",
  "",
  "input ProductEntityInput {",
  "  createdAt: Date!",
  "  createdBy: String",
  "  id: String!",
  "  ulid: Ulid!",
  "  updatedAt: Date!",
  "  updatedBy: String",
  "  sku: String!",
  "  storeId: ID!",
  "  title: String!",
  "  stock: StockInput!",
  "  shortDescription: String",
  "  brand: String!",
  "  detailsUrl: String",
  "  alcoholic: Boolean!",
  "  thumbUrl: String",
  "  breadcrumb: [BreadCrumbInput]",
  "  mapOfImages: [ProductImageMapInput]",
  "  attributes: ProductEntity_attributes",
  "  currentPrice: Float!",
  "  priceFrom: Float",
  "  sellPrice: Float!",
  "  dimensions: DimensionsInput",
  "  tags: [String]",
  "  slug: String",
  "  mainCategoryId: ID",
  "  categories: [String]!",
  "  spotlight: Boolean",
  "  html: String",
  "}",
  "",
  "input StockInput {",
  "  available: Boolean!",
  "  count: Float",
  "  maxCartQty: Float",
  "",
  "  """Should track count"""",
  "  track: Boolean",
  "}",
  "",
  "input BreadCrumbInput {",
  "  id: ID!",
  "  active: Boolean",
  "  name: String!",
  "  parentId: ID",
  "}",
  "",
  "input ProductImageMapInput {",
  "  key: String",
  "  kind: String",
  "  allowZoom: Boolean",
  "}",
  "",
  "input DimensionsInput {",
  "  weight: String",
  "  length: String",
  "  height: String",
  "  width: String",
  "}",
]
`;
